<html>
<body>
<pre>
<h1>礦ision Build Log</h1>
<h2>Tool Versions:</h2>
IDE-Version: μVision V5.41.0.0
Copyright (C) 2024 ARM Ltd and ARM Germany GmbH. All rights reserved.
License Information: Mond lenovo, alientek, LIC=V85FJ-UFVKQ-17PRR-K08L0-IIFFF-LT5IV
 
Tool Versions:
Toolchain:       MDK-ARM Professional  Version: 5.41.0.0
Toolchain Path:  D:\Software\MDK5\ARM\ARMCC\Bin
C Compiler:      Armcc.exe V5.06 update 6 (build 750)
Assembler:       Armasm.exe V5.06 update 6 (build 750)
Linker/Locator:  ArmLink.exe V5.06 update 6 (build 750)
Library Manager: ArmAr.exe V5.06 update 6 (build 750)
Hex Converter:   FromElf.exe V5.06 update 6 (build 750)
CPU DLL:         SARMCM3.DLL V5.41.0.0
Dialog DLL:      DCM.DLL V1.17.5.0
Target DLL:      STLink\ST-LINKIII-KEIL_SWO.dll V3.3.0.0
Dialog DLL:      TCM.DLL V1.56.4.0
 
<h2>Project:</h2>
E:\STM\ZSTU-校赛数模同传\receive_code\User\project.uvprojx
Project File Date:  11/22/2024

<h2>Output:</h2>
*** Using Compiler 'V5.06 update 6 (build 750)', folder: 'D:\Software\MDK5\ARM\ARMCC\Bin'
Build target 'Target 1'
Note: source file '..\Myfile\bsp_led.c' - object file renamed from '..\OBJ\bsp_led.o' to '..\OBJ\bsp_led_1.o'.
compiling main.c...
main.c(79): warning:  #177-D: variable "peak"  was declared but never referenced
  	int peak;
main.c(182): warning:  #177-D: variable "realPart"  was declared but never referenced
  	signed short realPart, imagPart;
main.c(182): warning:  #177-D: variable "imagPart"  was declared but never referenced
  	signed short realPart, imagPart;
main.c(183): warning:  #177-D: variable "Re"  was declared but never referenced
  	float Re, Im, Mag;
main.c(183): warning:  #177-D: variable "Im"  was declared but never referenced
  	float Re, Im, Mag;
main.c(183): warning:  #177-D: variable "Mag"  was declared but never referenced
  	float Re, Im, Mag;
main.c(185): warning:  #177-D: variable "i"  was declared but never referenced
  	unsigned short i;
main.c(186): warning:  #177-D: variable "maxMag"  was declared but never referenced
  	unsigned long maxMag = 0;
main.c(187): warning:  #177-D: variable "secondMaxMag"  was declared but never referenced
      unsigned long secondMaxMag = 0;
main.c(188): warning:  #177-D: variable "maxIndex"  was declared but never referenced
      unsigned short maxIndex = 0;
main.c(202): warning:  #177-D: variable "j"  was declared but never referenced
  	int i , j, count=0;
main.c: 11 warnings, 0 errors
linking...
Program Size: Code=18216 RO-data=376 RW-data=64 ZI-data=2376  
FromELF: creating hex file...
"..\OBJ\project.axf" - 0 Error(s), 11 Warning(s).

<h2>Software Packages used:</h2>

Package Vendor: Keil
                https://www.keil.com/pack/Keil.STM32F1xx_DFP.2.4.1.pack
                Keil::STM32F1xx_DFP@2.4.1
                STMicroelectronics STM32F1 Series Device Support, Drivers and Examples

<h2>Collection of Component include folders:</h2>
  D:/Software/MDK5/ARM/Pack/Keil/STM32F1xx_DFP/2.4.1/Device/Include

<h2>Collection of Component Files used:</h2>
Build Time Elapsed:  00:00:01
</pre>
</body>
</html>
